[30/Aug/2026 16:15:22] "GET /health HTTP/1.1" 200 0
[30/Aug/2026 16:15:30] "POST /api/v1/auth/login HTTP/1.1" 200 1054
[30/Aug/2026 16:15:42] "GET /health HTTP/1.1" 200 0
[30/Aug/2026 16:16:54] "POST /api/v1/auth/login HTTP/1.1" 200 1054
[30/Aug/2026 16:16:54] "GET /api/v1/me HTTP/1.1" 200 276
[30/Aug/2026 16:16:55] "GET /api/v1/inquiries/unassigned-consultations?sort=WAITING_DESC&page=1&size=3 HTTP/1.1" 200 160
[30/Aug/2026 16:16:55] "GET /api/v1/inquiries/unassigned-consultations?sort=WAITING_DESC&page=1&size=3 HTTP/1.1" 200 160
[30/Aug/2026 16:16:56] "GET /api/v1/inquiries?q=WEB-G4-INQ-78BA02CAAA1A2D9D4F8A7C100DEC5DB5&status=CONSULTATION_REQUIRED&status=REOPENED&status=DRAFT&status=QUESTIONNAIRE_IN_PROGRESS&status=AI_GUIDANCE&status=CONSULTATION_IN_PROGRESS&status=VISIT_REVIEW_PENDING&status=VISIT_SCHEDULING&status=VISIT_SCHEDULED&status=COMPLETION_PENDING&status=REVISIT_REQUIRED&status=RESOLVED&status=CANCELLED&sort=UPDATED_DESC&page=1&size=5 HTTP/1.1" 200 1136
[30/Aug/2026 16:16:56] "GET /api/v1/inquiries?status=CONSULTATION_REQUIRED&status=REOPENED&status=DRAFT&status=QUESTIONNAIRE_IN_PROGRESS&status=AI_GUIDANCE&status=CONSULTATION_IN_PROGRESS&status=VISIT_REVIEW_PENDING&status=VISIT_SCHEDULING&status=VISIT_SCHEDULED&status=COMPLETION_PENDING&status=REVISIT_REQUIRED&status=RESOLVED&status=CANCELLED&page=1&size=100 HTTP/1.1" 200 95693
[30/Aug/2026 16:16:56] "GET /api/v1/inquiries?q=WEB-G4-INQ-78BA02CAAA1A2D9D4F8A7C100DEC5DB5&status=CONSULTATION_REQUIRED&status=REOPENED&status=DRAFT&status=QUESTIONNAIRE_IN_PROGRESS&status=AI_GUIDANCE&status=CONSULTATION_IN_PROGRESS&status=VISIT_REVIEW_PENDING&status=VISIT_SCHEDULING&status=VISIT_SCHEDULED&status=COMPLETION_PENDING&status=REVISIT_REQUIRED&status=RESOLVED&status=CANCELLED&sort=UPDATED_DESC&page=1&size=5 HTTP/1.1" 200 1136
[30/Aug/2026 16:16:57] "GET /api/v1/inquiries?status=CONSULTATION_REQUIRED&status=REOPENED&status=DRAFT&status=QUESTIONNAIRE_IN_PROGRESS&status=AI_GUIDANCE&status=CONSULTATION_IN_PROGRESS&status=VISIT_REVIEW_PENDING&status=VISIT_SCHEDULING&status=VISIT_SCHEDULED&status=COMPLETION_PENDING&status=REVISIT_REQUIRED&status=RESOLVED&status=CANCELLED&page=1&size=100 HTTP/1.1" 200 95693
[30/Aug/2026 16:16:57] "GET /api/v1/inquiries/ed17bca8-0d7b-5d60-83b2-6e42589e2306 HTTP/1.1" 200 2747
[30/Aug/2026 16:16:57] "GET /api/v1/inquiries/ed17bca8-0d7b-5d60-83b2-6e42589e2306 HTTP/1.1" 200 2747
[30/Aug/2026 16:16:59] "GET /api/v1/me HTTP/1.1" 200 276
[30/Aug/2026 16:16:59] "GET /api/v1/me HTTP/1.1" 200 276
[30/Aug/2026 16:16:59] "GET /api/v1/inquiries?status=CONSULTATION_REQUIRED&status=REOPENED&sort=UPDATED_DESC&page=1&size=30 HTTP/1.1" 200 28876
[30/Aug/2026 16:16:59] "GET /api/v1/consultant/dashboard HTTP/1.1" 200 80899
[30/Aug/2026 16:16:59] "GET /api/v1/inquiries/ed17bca8-0d7b-5d60-83b2-6e42589e2306 HTTP/1.1" 200 2747
[30/Aug/2026 16:17:00] "GET /api/v1/inquiries?status=CONSULTATION_REQUIRED&status=REOPENED&status=DRAFT&status=QUESTIONNAIRE_IN_PROGRESS&status=AI_GUIDANCE&status=CONSULTATION_IN_PROGRESS&status=VISIT_REVIEW_PENDING&status=VISIT_SCHEDULING&status=VISIT_SCHEDULED&status=COMPLETION_PENDING&status=REVISIT_REQUIRED&status=RESOLVED&status=CANCELLED&page=1&size=100 HTTP/1.1" 200 95693
[30/Aug/2026 16:17:00] "GET /api/v1/consultant/dashboard HTTP/1.1" 200 80899
[30/Aug/2026 16:17:00] "GET /api/v1/inquiries?status=CONSULTATION_REQUIRED&status=REOPENED&sort=UPDATED_DESC&page=1&size=30 HTTP/1.1" 200 28876
[30/Aug/2026 16:17:00] "GET /api/v1/inquiries/ed17bca8-0d7b-5d60-83b2-6e42589e2306 HTTP/1.1" 200 2747
[30/Aug/2026 16:17:00] "GET /api/v1/inquiries?status=CONSULTATION_REQUIRED&status=REOPENED&status=DRAFT&status=QUESTIONNAIRE_IN_PROGRESS&status=AI_GUIDANCE&status=CONSULTATION_IN_PROGRESS&status=VISIT_REVIEW_PENDING&status=VISIT_SCHEDULING&status=VISIT_SCHEDULED&status=COMPLETION_PENDING&status=REVISIT_REQUIRED&status=RESOLVED&status=CANCELLED&page=1&size=100 HTTP/1.1" 200 95693
[30/Aug/2026 16:17:01] "GET /api/v1/inquiries/ed17bca8-0d7b-5d60-83b2-6e42589e2306 HTTP/1.1" 200 2747
[30/Aug/2026 16:17:01] "GET /api/v1/inquiries/ed17bca8-0d7b-5d60-83b2-6e42589e2306 HTTP/1.1" 200 2747
[30/Aug/2026 16:17:01] "GET /api/v1/inquiries/ed17bca8-0d7b-5d60-83b2-6e42589e2306 HTTP/1.1" 200 2747
[30/Aug/2026 16:17:01] "GET /api/v1/inquiries?sort=UPDATED_DESC&page=1&size=100 HTTP/1.1" 200 95693
[30/Aug/2026 16:17:02] "GET /api/v1/inquiries?sort=UPDATED_DESC&page=2&size=100 HTTP/1.1" 200 5080
Not Found: /api/v1/inquiries/3645d147-83cc-59fa-bc6f-ee98cc2f67bc
[30/Aug/2026 16:17:02] "GET /api/v1/inquiries/3645d147-83cc-59fa-bc6f-ee98cc2f67bc HTTP/1.1" 404 206
Not Found: /api/v1/inquiries/3645d147-83cc-59fa-bc6f-ee98cc2f67bc/start-consultation
[30/Aug/2026 16:17:02] "POST /api/v1/inquiries/3645d147-83cc-59fa-bc6f-ee98cc2f67bc/start-consultation HTTP/1.1" 404 206
Not Found: /api/v1/inquiries/00000000-0000-4000-8000-000000000000
[30/Aug/2026 16:17:02] "GET /api/v1/inquiries/00000000-0000-4000-8000-000000000000 HTTP/1.1" 404 206
Not Found: /api/v1/inquiries/00000000-0000-4000-8000-000000000000/start-consultation
[30/Aug/2026 16:17:02] "POST /api/v1/inquiries/00000000-0000-4000-8000-000000000000/start-consultation HTTP/1.1" 404 206
[30/Aug/2026 16:17:03] "POST /api/v1/inquiries/ed17bca8-0d7b-5d60-83b2-6e42589e2306/start-consultation HTTP/1.1" 200 985
[30/Aug/2026 16:17:03] "GET /api/v1/consultant/dashboard HTTP/1.1" 200 80899
[30/Aug/2026 16:17:04] "GET /api/v1/inquiries?status=CONSULTATION_REQUIRED&status=REOPENED&sort=UPDATED_DESC&page=1&size=30 HTTP/1.1" 200 28904
[30/Aug/2026 16:17:04] "GET /api/v1/inquiries/ed17bca8-0d7b-5d60-83b2-6e42589e2306 HTTP/1.1" 200 2932
[30/Aug/2026 16:17:05] "PATCH /api/v1/inquiries/ed17bca8-0d7b-5d60-83b2-6e42589e2306/consultation-summary HTTP/1.1" 200 1367
Conflict: /api/v1/inquiries/ed17bca8-0d7b-5d60-83b2-6e42589e2306/consultation-summary
[30/Aug/2026 16:17:06] "PATCH /api/v1/inquiries/ed17bca8-0d7b-5d60-83b2-6e42589e2306/consultation-summary HTTP/1.1" 409 391
[30/Aug/2026 16:17:07] "GET /api/v1/consultant/dashboard HTTP/1.1" 200 80899
[30/Aug/2026 16:17:07] "GET /api/v1/inquiries?status=CONSULTATION_REQUIRED&status=REOPENED&sort=UPDATED_DESC&page=1&size=30 HTTP/1.1" 200 28904
[30/Aug/2026 16:17:07] "GET /api/v1/inquiries/ed17bca8-0d7b-5d60-83b2-6e42589e2306 HTTP/1.1" 200 3463
[30/Aug/2026 16:17:09] "PATCH /api/v1/inquiries/ed17bca8-0d7b-5d60-83b2-6e42589e2306/consultation-summary HTTP/1.1" 200 1407
[30/Aug/2026 16:17:09] "GET /api/v1/consultant/dashboard HTTP/1.1" 200 80899
[30/Aug/2026 16:17:09] "GET /api/v1/inquiries?status=CONSULTATION_REQUIRED&status=REOPENED&sort=UPDATED_DESC&page=1&size=30 HTTP/1.1" 200 28904
[30/Aug/2026 16:17:09] "GET /api/v1/inquiries/ed17bca8-0d7b-5d60-83b2-6e42589e2306 HTTP/1.1" 200 3659
[30/Aug/2026 16:17:10] "POST /api/v1/inquiries/ed17bca8-0d7b-5d60-83b2-6e42589e2306/consultation-summary/confirm HTTP/1.1" 200 1492
[30/Aug/2026 16:17:11] "GET /api/v1/consultant/dashboard HTTP/1.1" 200 80899
[30/Aug/2026 16:17:11] "GET /api/v1/inquiries?status=CONSULTATION_REQUIRED&status=REOPENED&sort=UPDATED_DESC&page=1&size=30 HTTP/1.1" 200 28904
[30/Aug/2026 16:17:11] "GET /api/v1/inquiries/ed17bca8-0d7b-5d60-83b2-6e42589e2306 HTTP/1.1" 200 3900
[30/Aug/2026 16:17:12] "POST /api/v1/inquiries/ed17bca8-0d7b-5d60-83b2-6e42589e2306/complete-consultation HTTP/1.1" 200 848
[30/Aug/2026 16:17:13] "GET /api/v1/consultant/dashboard HTTP/1.1" 200 80899
[30/Aug/2026 16:17:13] "GET /api/v1/inquiries?status=CONSULTATION_REQUIRED&status=REOPENED&sort=UPDATED_DESC&page=1&size=30 HTTP/1.1" 200 28904
[30/Aug/2026 16:17:13] "GET /api/v1/inquiries/ed17bca8-0d7b-5d60-83b2-6e42589e2306 HTTP/1.1" 200 3400
[30/Aug/2026 16:17:13] "GET /api/v1/me HTTP/1.1" 200 276
[30/Aug/2026 16:17:14] "GET /api/v1/me HTTP/1.1" 200 276
[30/Aug/2026 16:17:14] "GET /api/v1/consultant/dashboard HTTP/1.1" 200 80899
[30/Aug/2026 16:17:14] "GET /api/v1/inquiries?status=CONSULTATION_REQUIRED&status=REOPENED&sort=UPDATED_DESC&page=1&size=30 HTTP/1.1" 200 28904
[30/Aug/2026 16:17:14] "GET /api/v1/inquiries/ed17bca8-0d7b-5d60-83b2-6e42589e2306 HTTP/1.1" 200 3400
[30/Aug/2026 16:17:14] "GET /api/v1/consultant/dashboard HTTP/1.1" 200 80899
[30/Aug/2026 16:17:14] "GET /api/v1/inquiries?status=CONSULTATION_REQUIRED&status=REOPENED&status=DRAFT&status=QUESTIONNAIRE_IN_PROGRESS&status=AI_GUIDANCE&status=CONSULTATION_IN_PROGRESS&status=VISIT_REVIEW_PENDING&status=VISIT_SCHEDULING&status=VISIT_SCHEDULED&status=COMPLETION_PENDING&status=REVISIT_REQUIRED&status=RESOLVED&status=CANCELLED&page=1&size=100 HTTP/1.1" 200 95333
[30/Aug/2026 16:17:14] "GET /api/v1/inquiries?status=CONSULTATION_REQUIRED&status=REOPENED&sort=UPDATED_DESC&page=1&size=30 HTTP/1.1" 200 28904
[30/Aug/2026 16:17:14] "GET /api/v1/inquiries/ed17bca8-0d7b-5d60-83b2-6e42589e2306 HTTP/1.1" 200 3400
[30/Aug/2026 16:17:15] "GET /api/v1/inquiries?status=CONSULTATION_REQUIRED&status=REOPENED&status=DRAFT&status=QUESTIONNAIRE_IN_PROGRESS&status=AI_GUIDANCE&status=CONSULTATION_IN_PROGRESS&status=VISIT_REVIEW_PENDING&status=VISIT_SCHEDULING&status=VISIT_SCHEDULED&status=COMPLETION_PENDING&status=REVISIT_REQUIRED&status=RESOLVED&status=CANCELLED&page=1&size=100 HTTP/1.1" 200 95333
[30/Aug/2026 16:17:15] "GET /api/v1/inquiries/ed17bca8-0d7b-5d60-83b2-6e42589e2306 HTTP/1.1" 200 3400
[30/Aug/2026 16:17:16] "GET /api/v1/inquiries/ed17bca8-0d7b-5d60-83b2-6e42589e2306 HTTP/1.1" 200 3400
[30/Aug/2026 16:17:16] "GET /api/v1/inquiries/ed17bca8-0d7b-5d60-83b2-6e42589e2306 HTTP/1.1" 200 3400
[30/Aug/2026 16:17:21] "POST /api/v1/auth/login HTTP/1.1" 200 1054
[30/Aug/2026 16:17:21] "GET /api/v1/me HTTP/1.1" 200 276
[30/Aug/2026 16:17:21] "GET /api/v1/inquiries/unassigned-consultations?sort=WAITING_DESC&page=1&size=3 HTTP/1.1" 200 160
[30/Aug/2026 16:17:21] "GET /api/v1/inquiries?q=WEB-G4-INQ-9E3ED710B0E156C28CEDCCC52779F605&status=CONSULTATION_REQUIRED&status=REOPENED&status=DRAFT&status=QUESTIONNAIRE_IN_PROGRESS&status=AI_GUIDANCE&status=CONSULTATION_IN_PROGRESS&status=VISIT_REVIEW_PENDING&status=VISIT_SCHEDULING&status=VISIT_SCHEDULED&status=COMPLETION_PENDING&status=REVISIT_REQUIRED&status=RESOLVED&status=CANCELLED&sort=UPDATED_DESC&page=1&size=5 HTTP/1.1" 200 1136
[30/Aug/2026 16:17:21] "GET /api/v1/inquiries/unassigned-consultations?sort=WAITING_DESC&page=1&size=3 HTTP/1.1" 200 160
[30/Aug/2026 16:17:21] "GET /api/v1/inquiries?q=WEB-G4-INQ-9E3ED710B0E156C28CEDCCC52779F605&status=CONSULTATION_REQUIRED&status=REOPENED&status=DRAFT&status=QUESTIONNAIRE_IN_PROGRESS&status=AI_GUIDANCE&status=CONSULTATION_IN_PROGRESS&status=VISIT_REVIEW_PENDING&status=VISIT_SCHEDULING&status=VISIT_SCHEDULED&status=COMPLETION_PENDING&status=REVISIT_REQUIRED&status=RESOLVED&status=CANCELLED&sort=UPDATED_DESC&page=1&size=5 HTTP/1.1" 200 1136
[30/Aug/2026 16:17:21] "GET /api/v1/inquiries?status=CONSULTATION_REQUIRED&status=REOPENED&status=DRAFT&status=QUESTIONNAIRE_IN_PROGRESS&status=AI_GUIDANCE&status=CONSULTATION_IN_PROGRESS&status=VISIT_REVIEW_PENDING&status=VISIT_SCHEDULING&status=VISIT_SCHEDULED&status=COMPLETION_PENDING&status=REVISIT_REQUIRED&status=RESOLVED&status=CANCELLED&page=1&size=100 HTTP/1.1" 200 95333
[30/Aug/2026 16:17:21] "GET /api/v1/inquiries?status=CONSULTATION_REQUIRED&status=REOPENED&status=DRAFT&status=QUESTIONNAIRE_IN_PROGRESS&status=AI_GUIDANCE&status=CONSULTATION_IN_PROGRESS&status=VISIT_REVIEW_PENDING&status=VISIT_SCHEDULING&status=VISIT_SCHEDULED&status=COMPLETION_PENDING&status=REVISIT_REQUIRED&status=RESOLVED&status=CANCELLED&page=1&size=100 HTTP/1.1" 200 95333
[30/Aug/2026 16:17:22] "GET /api/v1/inquiries/d1950469-675d-56f5-a17b-79d3de89fbbc HTTP/1.1" 200 2747
[30/Aug/2026 16:17:22] "GET /api/v1/inquiries/d1950469-675d-56f5-a17b-79d3de89fbbc HTTP/1.1" 200 2747
[30/Aug/2026 16:17:24] "POST /api/v1/inquiries/d1950469-675d-56f5-a17b-79d3de89fbbc/start-consultation HTTP/1.1" 200 985
[30/Aug/2026 16:17:24] "GET /api/v1/inquiries?q=WEB-G4-INQ-9E3ED710B0E156C28CEDCCC52779F605&status=CONSULTATION_REQUIRED&status=REOPENED&status=DRAFT&status=QUESTIONNAIRE_IN_PROGRESS&status=AI_GUIDANCE&status=CONSULTATION_IN_PROGRESS&status=VISIT_REVIEW_PENDING&status=VISIT_SCHEDULING&status=VISIT_SCHEDULED&status=COMPLETION_PENDING&status=REVISIT_REQUIRED&status=RESOLVED&status=CANCELLED&sort=UPDATED_DESC&page=1&size=5 HTTP/1.1" 200 1168
[30/Aug/2026 16:17:24] "GET /api/v1/inquiries/d1950469-675d-56f5-a17b-79d3de89fbbc HTTP/1.1" 200 2932
[30/Aug/2026 16:17:24] "GET /api/v1/inquiries?status=CONSULTATION_REQUIRED&status=REOPENED&status=DRAFT&status=QUESTIONNAIRE_IN_PROGRESS&status=AI_GUIDANCE&status=CONSULTATION_IN_PROGRESS&status=VISIT_REVIEW_PENDING&status=VISIT_SCHEDULING&status=VISIT_SCHEDULED&status=COMPLETION_PENDING&status=REVISIT_REQUIRED&status=RESOLVED&status=CANCELLED&page=1&size=100 HTTP/1.1" 200 95362
[30/Aug/2026 16:17:26] "PATCH /api/v1/inquiries/d1950469-675d-56f5-a17b-79d3de89fbbc/consultation-summary HTTP/1.1" 200 1429
[30/Aug/2026 16:17:26] "GET /api/v1/inquiries?q=WEB-G4-INQ-9E3ED710B0E156C28CEDCCC52779F605&status=CONSULTATION_REQUIRED&status=REOPENED&status=DRAFT&status=QUESTIONNAIRE_IN_PROGRESS&status=AI_GUIDANCE&status=CONSULTATION_IN_PROGRESS&status=VISIT_REVIEW_PENDING&status=VISIT_SCHEDULING&status=VISIT_SCHEDULED&status=COMPLETION_PENDING&status=REVISIT_REQUIRED&status=RESOLVED&status=CANCELLED&sort=UPDATED_DESC&page=1&size=5 HTTP/1.1" 200 1408
[30/Aug/2026 16:17:26] "GET /api/v1/inquiries/d1950469-675d-56f5-a17b-79d3de89fbbc HTTP/1.1" 200 3525
[30/Aug/2026 16:17:26] "GET /api/v1/inquiries?status=CONSULTATION_REQUIRED&status=REOPENED&status=DRAFT&status=QUESTIONNAIRE_IN_PROGRESS&status=AI_GUIDANCE&status=CONSULTATION_IN_PROGRESS&status=VISIT_REVIEW_PENDING&status=VISIT_SCHEDULING&status=VISIT_SCHEDULED&status=COMPLETION_PENDING&status=REVISIT_REQUIRED&status=RESOLVED&status=CANCELLED&page=1&size=100 HTTP/1.1" 200 95602
[30/Aug/2026 16:17:28] "POST /api/v1/inquiries/d1950469-675d-56f5-a17b-79d3de89fbbc/consultation-summary/confirm HTTP/1.1" 200 1704
[30/Aug/2026 16:17:28] "GET /api/v1/inquiries?q=WEB-G4-INQ-9E3ED710B0E156C28CEDCCC52779F605&status=CONSULTATION_REQUIRED&status=REOPENED&status=DRAFT&status=QUESTIONNAIRE_IN_PROGRESS&status=AI_GUIDANCE&status=CONSULTATION_IN_PROGRESS&status=VISIT_REVIEW_PENDING&status=VISIT_SCHEDULING&status=VISIT_SCHEDULED&status=COMPLETION_PENDING&status=REVISIT_REQUIRED&status=RESOLVED&status=CANCELLED&sort=UPDATED_DESC&page=1&size=5 HTTP/1.1" 200 1608
[30/Aug/2026 16:17:28] "GET /api/v1/inquiries/d1950469-675d-56f5-a17b-79d3de89fbbc HTTP/1.1" 200 3956
[30/Aug/2026 16:17:29] "GET /api/v1/inquiries?status=CONSULTATION_REQUIRED&status=REOPENED&status=DRAFT&status=QUESTIONNAIRE_IN_PROGRESS&status=AI_GUIDANCE&status=CONSULTATION_IN_PROGRESS&status=VISIT_REVIEW_PENDING&status=VISIT_SCHEDULING&status=VISIT_SCHEDULED&status=COMPLETION_PENDING&status=REVISIT_REQUIRED&status=RESOLVED&status=CANCELLED&page=1&size=100 HTTP/1.1" 200 95802
[30/Aug/2026 16:17:29] "GET /api/v1/consultant/dashboard HTTP/1.1" 200 80899
[30/Aug/2026 16:17:29] "GET /api/v1/inquiries/d1950469-675d-56f5-a17b-79d3de89fbbc HTTP/1.1" 200 3956
[30/Aug/2026 16:17:29] "GET /api/v1/consultant/dashboard HTTP/1.1" 200 80899
[30/Aug/2026 16:17:29] "GET /api/v1/inquiries/d1950469-675d-56f5-a17b-79d3de89fbbc HTTP/1.1" 200 3956
[30/Aug/2026 16:17:31] "POST /api/v1/inquiries/d1950469-675d-56f5-a17b-79d3de89fbbc/visit-review HTTP/1.1" 200 1346
[30/Aug/2026 16:17:31] "GET /api/v1/inquiries/d1950469-675d-56f5-a17b-79d3de89fbbc HTTP/1.1" 200 3732
[30/Aug/2026 16:17:33] "POST /api/v1/inquiries/d1950469-675d-56f5-a17b-79d3de89fbbc/visits HTTP/1.1" 200 730
[30/Aug/2026 16:17:33] "GET /api/v1/inquiries/d1950469-675d-56f5-a17b-79d3de89fbbc HTTP/1.1" 200 3826
[30/Aug/2026 16:17:34] "PATCH /api/v1/visits/82c11e43-7f1e-407f-a97e-0777c9c2bc61/schedule HTTP/1.1" 200 896
[30/Aug/2026 16:17:35] "GET /api/v1/me HTTP/1.1" 200 276
[30/Aug/2026 16:17:35] "GET /api/v1/me HTTP/1.1" 200 276
[30/Aug/2026 16:17:35] "GET /api/v1/inquiries?q=WEB-G4-INQ-9E3ED710B0E156C28CEDCCC52779F605&status=DRAFT&status=QUESTIONNAIRE_IN_PROGRESS&status=AI_GUIDANCE&status=CONSULTATION_IN_PROGRESS&status=VISIT_REVIEW_PENDING&status=VISIT_SCHEDULING&status=VISIT_SCHEDULED&status=COMPLETION_PENDING&status=REVISIT_REQUIRED&sort=UPDATED_DESC&page=1&size=5 HTTP/1.1" 200 947
[30/Aug/2026 16:17:36] "GET /api/v1/inquiries?status=CONSULTATION_REQUIRED&status=REOPENED&status=DRAFT&status=QUESTIONNAIRE_IN_PROGRESS&status=AI_GUIDANCE&status=CONSULTATION_IN_PROGRESS&status=VISIT_REVIEW_PENDING&status=VISIT_SCHEDULING&status=VISIT_SCHEDULED&status=COMPLETION_PENDING&status=REVISIT_REQUIRED&status=RESOLVED&status=CANCELLED&page=1&size=100 HTTP/1.1" 200 95149
[30/Aug/2026 16:17:36] "GET /api/v1/inquiries?q=WEB-G4-INQ-9E3ED710B0E156C28CEDCCC52779F605&status=DRAFT&status=QUESTIONNAIRE_IN_PROGRESS&status=AI_GUIDANCE&status=CONSULTATION_IN_PROGRESS&status=VISIT_REVIEW_PENDING&status=VISIT_SCHEDULING&status=VISIT_SCHEDULED&status=COMPLETION_PENDING&status=REVISIT_REQUIRED&sort=UPDATED_DESC&page=1&size=5 HTTP/1.1" 200 947
[30/Aug/2026 16:17:36] "GET /api/v1/inquiries?status=CONSULTATION_REQUIRED&status=REOPENED&status=DRAFT&status=QUESTIONNAIRE_IN_PROGRESS&status=AI_GUIDANCE&status=CONSULTATION_IN_PROGRESS&status=VISIT_REVIEW_PENDING&status=VISIT_SCHEDULING&status=VISIT_SCHEDULED&status=COMPLETION_PENDING&status=REVISIT_REQUIRED&status=RESOLVED&status=CANCELLED&page=1&size=100 HTTP/1.1" 200 95149
[30/Aug/2026 16:17:36] "GET /api/v1/inquiries/d1950469-675d-56f5-a17b-79d3de89fbbc HTTP/1.1" 200 4132
[30/Aug/2026 16:17:36] "GET /api/v1/inquiries/d1950469-675d-56f5-a17b-79d3de89fbbc HTTP/1.1" 200 4132
